// Jest Snapshot v1, https://goo.gl/fbAQLP

exports[`<SuggestionField /> should render and match snapshot 1`] = `
<Fragment>
  <label
    onClick={[Function]}
    style={
      Object {
        "margin": 0,
      }
    }
  >
    <i>
      Set colour âœŽ
    </i>
    <Autosuggest
      alwaysRenderSuggestions={false}
      focusInputOnSuggestionClick={true}
      getSuggestionValue={[Function]}
      highlightFirstSuggestion={true}
      id="1"
      inputProps={
        Object {
          "autoFocus": true,
          "className": "form-control",
          "id": "auto-suggest",
          "onBlur": [Function],
          "onChange": [Function],
          "onFocus": [Function],
          "style": Object {
            "display": "none",
          },
          "value": "",
        }
      }
      multiSection={false}
      onSuggestionsClearRequested={[Function]}
      onSuggestionsFetchRequested={[Function]}
      renderInputComponent={[Function]}
      renderSuggestion={[Function]}
      renderSuggestionsContainer={[Function]}
      shouldRenderSuggestions={[Function]}
      suggestions={Array []}
      theme={
        Object {
          "container": "react-autosuggest__container",
          "containerOpen": "react-autosuggest__container--open",
          "input": "react-autosuggest__input",
          "inputFocused": "react-autosuggest__input--focused",
          "inputOpen": "react-autosuggest__input--open",
          "sectionContainer": "react-autosuggest__section-container",
          "sectionContainerFirst": "react-autosuggest__section-container--first",
          "sectionTitle": "react-autosuggest__section-title",
          "suggestion": "react-autosuggest__suggestion",
          "suggestionFirst": "react-autosuggest__suggestion--first",
          "suggestionHighlighted": "react-autosuggest__suggestion--highlighted",
          "suggestionsContainer": "react-autosuggest__suggestions-container",
          "suggestionsContainerOpen": "react-autosuggest__suggestions-container--open",
          "suggestionsList": "react-autosuggest__suggestions-list",
        }
      }
    />
  </label>
</Fragment>
`;
